Starting test run at Wed Feb  5 12:32:41 UTC 2025
Iteration #1: Running 'ocas' command
Spread strategy selected
Running the Spread Strategy 0
Skipping the "jaeger" service
Number of services: 19
Deployed the stack successfully!
Waiting for 1 minute before running 'wrk' tests...
Running 5 'wrk' tests
  Test #1
Requests/sec:   8644.63
  Test #2
Requests/sec:   8348.78
  Test #3
Requests/sec:   8426.65
  Test #4
Requests/sec:   8378.17
  Test #5
Requests/sec:   8326.18
All tests completed for iteration #1!
Iteration #2: Running 'ocas' command
Spread strategy selected
Running the Spread Strategy 0
Skipping the "jaeger" service
Number of services: 19
Deployed the stack successfully!
Waiting for 1 minute before running 'wrk' tests...
Running 5 'wrk' tests
  Test #1
Requests/sec:   6317.55
  Test #2
Requests/sec:   6082.69
  Test #3
Requests/sec:   6096.76
  Test #4
Requests/sec:   6064.21
  Test #5
Requests/sec:   6126.03
All tests completed for iteration #2!
Iteration #3: Running 'ocas' command
Spread strategy selected
Running the Spread Strategy 0
Skipping the "jaeger" service
Number of services: 19
Deployed the stack successfully!
Waiting for 1 minute before running 'wrk' tests...
Running 5 'wrk' tests
  Test #1
Requests/sec:    103.38
  Test #2
Requests/sec:    101.09
  Test #3
Requests/sec:    102.66
  Test #4
Requests/sec:     99.90
  Test #5
Requests/sec:     95.25
All tests completed for iteration #3!
Iteration #4: Running 'ocas' command
Spread strategy selected
Running the Spread Strategy 0
Skipping the "jaeger" service
Number of services: 19
Deployed the stack successfully!
Waiting for 1 minute before running 'wrk' tests...
Running 5 'wrk' tests
  Test #1
Requests/sec:   7685.27
  Test #2
Requests/sec:   7789.74
  Test #3
Requests/sec:   7698.60
  Test #4
Requests/sec:   7776.04
  Test #5
